---
source: crates/heyfood-tui/src/render.rs
expression: rendered
---
╭──────────────────────────────────────────────────────────────────────────────────────────────────────────────────────╮
│ ~                                                                                                                    │
│ You                                                                                                                  │
│ Pad thai for lunch                                                                                                   │
│                                                                                                                      │
│ hey.food                                                                                                             │
│ …                                                                                                                    │
│                                                                                                                      │
│ Responding…                                                                                                          │
│                                                                                                                      │
│                                                                                                                      │
│                                                                                                                      │
│  / commands · Tab complete · Shift+Enter newline · Ctrl+C stop · Ctrl+D exit                                         │
│ ╭──────────────────────────────────────────────────────────────────────────────────────────────────────────────────╮ │
│ │› Can you suggest another option?                                                                                 │ │
│ ╰────────────────────────────────────────────────────────────────────────────────────────────── hey.food (working) ╯ │
╰──────────────────────────────────────────────────────────────────────────────────────────────────────────────────────╯
                                                                                                heyfood  0.8.0 [stable]
