---
source: crates/heyfood-tui/src/render.rs
expression: rendered
---
 hey.food  Ask about food, meals, restaurants, or recipes · working
You
Pad thai for lunch

hey.food
Pad thai can vary by preparation. Ask about fish sauce and peanut cross-contact before ordering.

Responding…






────────────────────────────────────────────────────────────────────────────────────────────────────────────────────────
> Can you suggest another option?

 / commands · Tab complete · Shift+Enter newline · Ctrl+C stop · Ctrl+D exit
