---
source: crates/heyfood-tui/src/render.rs
expression: rendered
---
╭──────────────────────────────────────────────────────────────────────────────╮
│ ~                                                                            │
│ You                                                                          │
│ Pad thai for lunch                                                           │
│                                                                              │
│ hey.food                                                                     │
│ …                                                                            │
│                                                                              │
│ Responding…                                                                  │
│                                                                              │
│                                                                              │
│                                                                              │
│  / commands · Enter send · Ctrl+C stop · End follow                          │
│ ╭──────────────────────────────────────────────────────────────────────────╮ │
│ │› Can you suggest another option?                                         │ │
│ ╰────────────────────────────────────────────────────── hey.food (working) ╯ │
╰──────────────────────────────────────────────────────────────────────────────╯
                                                        heyfood  0.7.1 [stable]
