---
source: crates/heyfood-tui/src/render.rs
expression: rendered
---
 hey.food  thoughtful food guidance · working
You
Pad thai for lunch

hey.food
…

Responding…






────────────────────────────────────────────────────────────────────────────────
> Can you suggest another option?

 / commands · Enter send · Ctrl+C stop · End follow
