---
source: crates/heyfood-tui/src/render.rs
expression: rendered
---
╭──────────────────────────────────────╮
│ ~                                    │
│ You                                  │
│ Pad thai for lunch                   │
│                                      │
│ hey.food                             │
│ …                                    │
│                                      │
│ Responding…                          │
│                                      │
│                                      │
│  / commands · ? help · ^C stop · ^D  │
│ ╭──────────────────────────────────╮ │
│ │› Can you suggest another option? │ │
│ │                                  │ │
│ ╰────────────── hey.food (working) ╯ │
╰──────────────────────────────────────╯
                heyfood  0.7.1 [stable]
