---
source: crates/heyfood-tui/src/render.rs
expression: rendered
---
╭──────────────────────────────────────╮
│ ~                                    │
│                                      │
│                                      │
│                                      │
│                                      │
│ New question                 enter   │
│ New line               shift+enter   │
│ Scroll history           pgup/pgdn   │
│ Quit                        ctrl+d   │
│                                      │
│ heyfood 0.4.1 is here!               │
│ Ask about food and meals.            │
│                                      │
│                                      │
│                                      │
│                                      │
│                                      │
│ Tip: Shift+Enter adds a new line.    │
│ ╭──────────────────────────────────╮ │
│ │› Ask about food, a meal, a       │ │
│ ╰──────────────── hey.food (ready) ╯ │
╰──────────────────────────────────────╯
                heyfood  0.4.1 [stable]
