---
source: crates/heyfood-tui/src/render.rs
expression: rendered
---
╭──────────────────────────────────────╮
│ ~                                    │
│ You                                  │
│ Pad thai for lunch                   │
│                                      │
│ hey.food                             │
│ Pad thai can vary by preparation.    │
│ Ask about fish sauce and peanut      │
│ cross-contact before ordering.       │
│                                      │
│ Responding…                          │
│ Tip: Shift+Enter adds a new line.    │
│ ╭──────────────────────────────────╮ │
│ │› Can you suggest another option? │ │
│ │                                  │ │
│ ╰────────────── hey.food (working) ╯ │
╰──────────────────────────────────────╯
                heyfood  0.4.1 [stable]
