---
source: crates/heyfood-tui/src/render.rs
expression: rendered
---
 hey.food  thoughtful food guidance · working
You
Pad thai for lunch

hey.food
Pad thai can vary by preparation. Ask about fish sauce and peanut cross-contact
before ordering.

Responding…





────────────────────────────────────────────────────────────────────────────────
> Can you suggest another option?

 Enter send · Shift+Enter newline · Ctrl+C stop · End follow
